> <n64316><#>lus<verb><w_regular>::<w_regular>w<1st><sg><fut><indic><act>
<n64316><#>lu<verb><w_regular>::<w_regular>w<1st><sg><fut><indic><act>
