> <n64316><#>lelu<verb><w_regular>::<w_regular>mai<1st><sg><pft><indic><mid>
<n64316><#>lu<verb><w_regular>::<w_regular>mai<1st><sg><pft><indic><mid>
> <n64316><#>lelu<verb><w_regular>::<w_regular>mai<1st><sg><pft><indic><pass>
<n64316><#>lu<verb><w_regular>::<w_regular>mai<1st><sg><pft><indic><pass>
