> <n64316><#>lu<verb><w_regular>::<infin>ein<pres><act><penacc>
<n64316><#>lu<verb><w_regular>::<infin>ein<pres><act><penacc>
> <n64316><#>lu<verb><w_regular>::<infin>esqai<pres><mid><antacc>
<n64316><#>lu<verb><w_regular>::<infin>esqai<pres><mid><antacc>
> <n64316><#>lu<verb><w_regular>::<infin>esqai<pres><pass><antacc>
<n64316><#>lu<verb><w_regular>::<infin>esqai<pres><pass><antacc>
