> <coretests.n64316_0><lexent.n64316><#>luqhs<verb><w_regular>::<w_regular><w_indicative.7>omai<1st><sg><fut><indic><pass>
<coretests.n64316_0><lexent.n64316><#>lu<verb><w_regular>::<w_regular><w_indicative.7>omai<1st><sg><fut><indic><pass>
