> <n64316><#>lus<verb><w_regular>::<infin>ai<aor><act><penacc>
<n64316><#>lu<verb><w_regular>::<infin>ai<aor><act><penacc>
