> <n64316><#>leluk<verb><w_regular>::<infin>enai<pft><act><penacc>
<n64316><#>lu<verb><w_regular>::<infin>enai<pft><act><penacc>
