> <n64316><#>luq<verb><w_regular>::<infin>hsomai<fut><pass><penacc>
<n64316><#>lu<verb><w_regular>::<infin>hsomai<fut><pass><penacc>
