> luw
<n64316><#>lu<verb><w_regular>::<w_regular>w<1st><sg><pres><indic><act>
<n64316><#>lu<verb><w_regular>::<w_regular>w<1st><sg><pres><subj><act>
