> <coretests.n64316_0><lexent.n64316><#>lus<verb><w_regular>::<w_regular><w_indicative.1>w<1st><sg><fut><indic><act>
<coretests.n64316_0><lexent.n64316><#>lu<verb><w_regular>::<w_regular><w_indicative.1>w<1st><sg><fut><indic><act>
> <coretests.n64316_0><lexent.n64316><#>lus<verb><w_regular>::<w_regular><w_indicative.7>omai<1st><sg><fut><indic><mid>
<coretests.n64316_0><lexent.n64316><#>lu<verb><w_regular>::<w_regular><w_indicative.7>omai<1st><sg><fut><indic><mid>
